03-Feb-25 02:53:05 PM - INFO - ***********Test004_searchEmp started*************
03-Feb-25 02:53:08 PM - INFO - ***********Logging IN*************
03-Feb-25 02:53:08 PM - INFO - ***********Login success*************
03-Feb-25 02:53:11 PM - INFO - ***********Entering Emp-name*************
03-Feb-25 02:53:14 PM - INFO - *************Name matched**********
03-Feb-25 02:53:14 PM - INFO - *********Screenshot taken***************
03-Feb-25 02:53:14 PM - INFO - *********SearchEmp completed***************
03-Feb-25 02:53:25 PM - INFO - ***********Test005_deleteEmp started*************
03-Feb-25 02:53:28 PM - INFO - ***********Logging IN*************
03-Feb-25 02:53:28 PM - INFO - ***********Login success*************
03-Feb-25 02:53:31 PM - INFO - ***********Entering Emp-name*************
03-Feb-25 02:53:33 PM - INFO - *************Name matched**********
03-Feb-25 02:53:33 PM - INFO - ***********Employee selected**************
03-Feb-25 02:53:33 PM - INFO - ************Employee Deleted***************
03-Feb-25 02:53:34 PM - INFO - **********Toaster message presented*********
03-Feb-25 02:53:37 PM - INFO - *************Name matched**********
03-Feb-25 02:53:37 PM - INFO - ***********Employee selected**************
03-Feb-25 02:53:37 PM - INFO - ************Employee Deleted***************
03-Feb-25 02:53:37 PM - INFO - **********Toaster message presented*********
03-Feb-25 02:53:48 PM - INFO - *********Screenshot taken***************
03-Feb-25 02:53:54 PM - INFO - *******Test002_loginDDT***********
03-Feb-25 02:53:54 PM - INFO - *******Data Driven started**********
03-Feb-25 02:54:00 PM - INFO - *********Trying to login*************
03-Feb-25 02:54:00 PM - INFO - ********Failed**********
03-Feb-25 02:54:02 PM - INFO - *********Trying to login*************
03-Feb-25 02:54:02 PM - INFO - ********Passed**********
03-Feb-25 02:54:07 PM - INFO - *********Trying to login*************
03-Feb-25 02:54:07 PM - INFO - ********Failed**********
03-Feb-25 02:54:09 PM - INFO - *********Trying to login*************
03-Feb-25 02:54:09 PM - INFO - ********Failed**********
03-Feb-25 02:54:11 PM - INFO - *********Trying to login*************
03-Feb-25 02:54:11 PM - INFO - ********Passed**********
03-Feb-25 02:54:16 PM - INFO - *********Trying to login*************
03-Feb-25 02:54:16 PM - INFO - ********Failed**********
03-Feb-25 02:54:16 PM - ERROR - *********Data Driven completed - Some credentials failed********
